File Upload Error: Failed to move uploaded files to target directories.
File Upload Error: Failed to move uploaded files to target directories.
File Upload Error: Failed to move uploaded files to target directories.
